original values: [1, 1, 2, 3, 4, 4]
unique values: [1, 2, 3, 4]
