name: Oscar                Age:  22 Height: 1.52m
My space height would be 155.5cm
On Mars I would be approximately 12 years old.
